bun : $ vite build
At line:1 char:52
+ ... h = "$env:USERPROFIL
E\.bun\bin;$env:Path"; 
bun run build 2>&1 | 
Tee-O ...
+                         
                       
~~~~~~~~~~~~~~~~~~
    + CategoryInfo        
      : NotSpecified: ($  
   vite build:String) [   
 ], RemoteException
    + FullyQualifiedError 
   Id : NativeCommandErr  
  or
 
[36mvite v5.4.19 [32mbuilding for production...[36m[39m
transforming...
Browserslist: browsers 
data (caniuse-lite) is 9 
months old. Please run:
  npx update-browserslist-
db@latest
  Why you should do it 
regularly: https://github.
com/browserslist/update-db
#readme
[32mΓ£ô[39m 2087 modules transformed.
rendering chunks...
computing gzip size...
[2mdist/[22m[32mindex.html                                     [39m[1m[2m    0.98 kB[22m[1m[22m[2m Γöé gzip:   0.48 kB[22m
[2mdist/[22m[35massets/index-CwDtJlgw.css                      [39m[1m[2m   75.04 kB[22m[1m[22m[2m Γöé gzip:  13.44 kB[22m
[2mdist/[22m[36massets/howler-D8jTTn-u.js                      [39m[1m[2m   27.09 kB[22m[1m[22m[2m Γöé gzip:   8.47 kB[22m
[2mdist/[22m[36massets/navmesh-BFd9Mv4x.js                     [39m[1m[2m   55.09 kB[22m[1m[22m[2m Γöé gzip:  11.72 kB[22m
[2mdist/[22m[36massets/boolean-BpCokwB2.js                     [39m[1m[2m   56.63 kB[22m[1m[22m[2m Γöé gzip:  20.54 kB[22m
[2mdist/[22m[36massets/process-B9H0U9ag.js                     [39m[1m[2m   67.74 kB[22m[1m[22m[2m Γöé gzip:  24.00 kB[22m
[2mdist/[22m[36massets/gaussian-splat-compression-ro4O0smp.js  [39m[1m[2m   82.71 kB[22m[1m[22m[2m Γöé gzip:  24.44 kB[22m
[2mdist/[22m[36massets/ui-L7l3pL7d.js                          [39m[1m[2m   91.97 kB[22m[1m[22m[2m Γöé gzip:  30.06 kB[22m
[2mdist/[22m[36massets/opentype-D6jUvuOk.js                    [39m[1m[2m  171.88 kB[22m[1m[22m[2m Γöé gzip:  52.50 kB[22m
[2mdist/[22m[36massets/index-Cms3nCJx.js                       [39m[1m[2m  488.21 kB[22m[1m[22m[2m Γöé gzip: 164.11 kB[22m
[2mdist/[22m[36massets/physics-BM4kW-A5.js                     [39m[1m[33m1,987.51 kB[39m[22m[2m Γöé gzip: 734.49 kB[22m
[2mdist/[22m[36massets/react-spline-tOAHBiJw.js                [39m[1m[33m2,054.02 kB[39m[22m[2m Γöé gzip: 608.63 kB[22m
[33m
(!) Some chunks are 
larger than 500 kB after 
minification. Consider:
- Using dynamic import() 
to code-split the 
application
- Use build.rollupOptions.
output.manualChunks to 
improve chunking: https://
rollupjs.org/configuration
-options/#output-manualchu
nks
- Adjust chunk size limit 
for this warning via build
.chunkSizeWarningLimit.[3
9m
[32mΓ£ô built in 9.99s[39m
